~/wtr/aws$ ssh -i test.pem ubuntu@ec2-54-149-190-100.us-west-2.compute.amazonaws.com
Welcome to Ubuntu 14.04.4 LTS (GNU/Linux 3.13.0-92-generic x86_64)

 * Documentation:  https://help.ubuntu.com/

  System information as of Wed Oct 12 12:10:34 UTC 2016

  System load: 0.16              Memory usage: 5%   Processes:       83
  Usage of /:  10.0% of 7.74GB   Swap usage:   0%   Users logged in: 0

  Graph this data and manage this system at:
    https://landscape.canonical.com/

  Get cloud support with Ubuntu Advantage Cloud Guest:
    http://www.ubuntu.com/business/services/cloud

0 packages can be updated.
0 updates are security updates.



The programs included with the Ubuntu system are free software;
the exact distribution terms for each program are described in the
individual files in /usr/share/doc/*/copyright.

Ubuntu comes with ABSOLUTELY NO WARRANTY, to the extent permitted by
applicable law.

ubuntu@ip-172-31-37-15:~$ sudo apt-get install build-essential curl git m4 ruby texinfo libbz2-dev libcurl4-openssl-dev libexpat-dev libncurses-dev zlib1g-dev
Reading package lists... Done
Building dependency tree
Reading state information... Done
Note, selecting 'libexpat1-dev' instead of 'libexpat-dev'
Note, selecting 'libncurses5-dev' instead of 'libncurses-dev'
curl is already the newest version.
The following extra packages will be installed:
  binutils comerr-dev cpp cpp-4.8 dpkg-dev fakeroot g++ g++-4.8 gcc gcc-4.8
  git-man krb5-multidev libalgorithm-diff-perl libalgorithm-diff-xs-perl
  libalgorithm-merge-perl libasan0 libatomic1 libauthen-sasl-perl libc-dev-bin
  libc6-dev libcloog-isl4 libdpkg-perl libencode-locale-perl liberror-perl
  libfakeroot libfile-fcntllock-perl libfile-listing-perl libfont-afm-perl
  libgcc-4.8-dev libgcrypt11-dev libgmp10 libgnutls-dev libgnutlsxx27 libgomp1
  libgpg-error-dev libgssrpc4 libhtml-form-perl libhtml-format-perl
  libhtml-parser-perl libhtml-tagset-perl libhtml-tree-perl
  libhttp-cookies-perl libhttp-daemon-perl libhttp-date-perl
  libhttp-message-perl libhttp-negotiate-perl libidn11-dev libintl-perl
  libio-html-perl libio-socket-inet6-perl libio-socket-ssl-perl libisl10
  libitm1 libkadm5clnt-mit9 libkadm5srv-mit9 libkdb5-7 libkrb5-dev
  libldap2-dev liblwp-mediatypes-perl liblwp-protocol-https-perl
  libmailtools-perl libmpc3 libmpfr4 libnet-http-perl libnet-smtp-ssl-perl
  libnet-ssleay-perl libp11-kit-dev libquadmath0 librtmp-dev libruby1.9.1
  libsocket6-perl libssl-dev libssl-doc libstdc++-4.8-dev libtasn1-6-dev
  libtext-unidecode-perl libtinfo-dev libtsan0 liburi-perl libwww-perl
  libwww-robotrules-perl libxml-libxml-perl libxml-namespacesupport-perl
  libxml-parser-perl libxml-sax-base-perl libxml-sax-expat-perl
  libxml-sax-perl linux-libc-dev make manpages-dev pkg-config ruby1.9.1
Suggested packages:
  binutils-doc doc-base cpp-doc gcc-4.8-locales debian-keyring g++-multilib
  g++-4.8-multilib gcc-4.8-doc libstdc++6-4.8-dbg gcc-multilib autoconf
  automake1.9 libtool flex bison gdb gcc-doc gcc-4.8-multilib libgcc1-dbg
  libgomp1-dbg libitm1-dbg libatomic1-dbg libasan0-dbg libtsan0-dbg
  libquadmath0-dbg git-daemon-run git-daemon-sysvinit git-doc git-el git-email
  git-gui gitk gitweb git-arch git-bzr git-cvs git-mediawiki git-svn krb5-doc
  libdigest-hmac-perl libgssapi-perl glibc-doc libcurl4-doc libcurl3-dbg
  libgcrypt11-doc gnutls26-doc gnutls-bin krb5-user libdata-dump-perl
  libintl-xs-perl libcrypt-ssleay-perl ncurses-doc libstdc++-4.8-doc
  libauthen-ntlm-perl make-doc ri ruby-dev ruby1.9.1-examples ri1.9.1 graphviz
  ruby1.9.1-dev ruby-switch texlive-base texlive-latex-base
  texlive-generic-recommended texinfo-doc-nonfree
The following NEW packages will be installed:
  binutils build-essential comerr-dev cpp cpp-4.8 dpkg-dev fakeroot g++
  g++-4.8 gcc gcc-4.8 git git-man krb5-multidev libalgorithm-diff-perl
  libalgorithm-diff-xs-perl libalgorithm-merge-perl libasan0 libatomic1
  libauthen-sasl-perl libbz2-dev libc-dev-bin libc6-dev libcloog-isl4
  libcurl4-openssl-dev libdpkg-perl libencode-locale-perl liberror-perl
  libexpat1-dev libfakeroot libfile-fcntllock-perl libfile-listing-perl
  libfont-afm-perl libgcc-4.8-dev libgcrypt11-dev libgmp10 libgnutls-dev
  libgnutlsxx27 libgomp1 libgpg-error-dev libgssrpc4 libhtml-form-perl
  libhtml-format-perl libhtml-parser-perl libhtml-tagset-perl
  libhtml-tree-perl libhttp-cookies-perl libhttp-daemon-perl libhttp-date-perl
  libhttp-message-perl libhttp-negotiate-perl libidn11-dev libintl-perl
  libio-html-perl libio-socket-inet6-perl libio-socket-ssl-perl libisl10
  libitm1 libkadm5clnt-mit9 libkadm5srv-mit9 libkdb5-7 libkrb5-dev
  libldap2-dev liblwp-mediatypes-perl liblwp-protocol-https-perl
  libmailtools-perl libmpc3 libmpfr4 libncurses5-dev libnet-http-perl
  libnet-smtp-ssl-perl libnet-ssleay-perl libp11-kit-dev libquadmath0
  librtmp-dev libruby1.9.1 libsocket6-perl libssl-dev libssl-doc
  libstdc++-4.8-dev libtasn1-6-dev libtext-unidecode-perl libtinfo-dev
  libtsan0 liburi-perl libwww-perl libwww-robotrules-perl libxml-libxml-perl
  libxml-namespacesupport-perl libxml-parser-perl libxml-sax-base-perl
  libxml-sax-expat-perl libxml-sax-perl linux-libc-dev m4 make manpages-dev
  pkg-config ruby ruby1.9.1 texinfo zlib1g-dev
0 upgraded, 102 newly installed, 0 to remove and 0 not upgraded.
Need to get 55.1 MB of archives.
After this operation, 187 MB of additional disk space will be used.
Do you want to continue? [Y/n] y
Get:1 http://us-west-2.ec2.archive.ubuntu.com/ubuntu/ trusty-updates/main libasan0 amd64 4.8.4-2ubuntu1~14.04.3 [63.1 kB]
Get:2 http://us-west-2.ec2.archive.ubuntu.com/ubuntu/ trusty-updates/main libatomic1 amd64 4.8.4-2ubuntu1~14.04.3 [8,636 B]
Get:3 http://us-west-2.ec2.archive.ubuntu.com/ubuntu/ trusty/main libgmp10 amd64 2:5.1.3+dfsg-1ubuntu1 [218 kB]
Get:4 http://us-west-2.ec2.archive.ubuntu.com/ubuntu/ trusty/main libisl10 amd64 0.12.2-1 [419 kB]
Get:5 http://us-west-2.ec2.archive.ubuntu.com/ubuntu/ trusty/main libcloog-isl4 amd64 0.18.2-1 [57.5 kB]
Get:6 http://us-west-2.ec2.archive.ubuntu.com/ubuntu/ trusty-updates/main libgomp1 amd64 4.8.4-2ubuntu1~14.04.3 [23.1 kB]
Get:7 http://us-west-2.ec2.archive.ubuntu.com/ubuntu/ trusty-updates/main libgssrpc4 amd64 1.12+dfsg-2ubuntu5.2 [53.1 kB]
Get:8 http://us-west-2.ec2.archive.ubuntu.com/ubuntu/ trusty-updates/main libitm1 amd64 4.8.4-2ubuntu1~14.04.3 [28.5 kB]
Get:9 http://us-west-2.ec2.archive.ubuntu.com/ubuntu/ trusty-updates/main libkadm5clnt-mit9 amd64 1.12+dfsg-2ubuntu5.2 [36.2 kB]
Get:10 http://us-west-2.ec2.archive.ubuntu.com/ubuntu/ trusty-updates/main libkdb5-7 amd64 1.12+dfsg-2ubuntu5.2 [36.2 kB]
Get:11 http://us-west-2.ec2.archive.ubuntu.com/ubuntu/ trusty-updates/main libkadm5srv-mit9 amd64 1.12+dfsg-2ubuntu5.2 [50.4 kB]
Get:12 http://us-west-2.ec2.archive.ubuntu.com/ubuntu/ trusty/main libmpfr4 amd64 3.1.2-1 [203 kB]
Get:13 http://us-west-2.ec2.archive.ubuntu.com/ubuntu/ trusty-updates/main libquadmath0 amd64 4.8.4-2ubuntu1~14.04.3 [126 kB]
Get:14 http://us-west-2.ec2.archive.ubuntu.com/ubuntu/ trusty-updates/main libtsan0 amd64 4.8.4-2ubuntu1~14.04.3 [94.9 kB]
Get:15 http://us-west-2.ec2.archive.ubuntu.com/ubuntu/ trusty-updates/main libgnutlsxx27 amd64 2.12.23-12ubuntu2.5 [17.3 kB]
Get:16 http://us-west-2.ec2.archive.ubuntu.com/ubuntu/ trusty/main libmpc3 amd64 1.0.1-1ubuntu1 [38.4 kB]
Get:17 http://us-west-2.ec2.archive.ubuntu.com/ubuntu/ trusty-updates/main binutils amd64 2.24-5ubuntu14.1 [2,081 kB]
Get:18 http://us-west-2.ec2.archive.ubuntu.com/ubuntu/ trusty-updates/main libc-dev-bin amd64 2.19-0ubuntu6.9 [69.0 kB]
Err http://us-west-2.ec2.archive.ubuntu.com/ubuntu/ trusty-updates/main linux-libc-dev amd64 3.13.0-92.139
  404  Not Found [IP: 54.70.237.58 80]
Get:19 http://us-west-2.ec2.archive.ubuntu.com/ubuntu/ trusty-updates/main libc6-dev amd64 2.19-0ubuntu6.9 [1,910 kB]
Get:20 http://us-west-2.ec2.archive.ubuntu.com/ubuntu/ trusty-updates/main cpp-4.8 amd64 4.8.4-2ubuntu1~14.04.3 [4,595 kB]
Get:21 http://us-west-2.ec2.archive.ubuntu.com/ubuntu/ trusty/main cpp amd64 4:4.8.2-1ubuntu6 [27.5 kB]
Get:22 http://us-west-2.ec2.archive.ubuntu.com/ubuntu/ trusty-updates/main libgcc-4.8-dev amd64 4.8.4-2ubuntu1~14.04.3 [1,688 kB]
Get:23 http://us-west-2.ec2.archive.ubuntu.com/ubuntu/ trusty-updates/main gcc-4.8 amd64 4.8.4-2ubuntu1~14.04.3 [5,047 kB]
Err http://security.ubuntu.com/ubuntu/ trusty-security/main linux-libc-dev amd64 3.13.0-92.139
  404  Not Found [IP: 91.189.88.162 80]
Get:24 http://us-west-2.ec2.archive.ubuntu.com/ubuntu/ trusty/main gcc amd64 4:4.8.2-1ubuntu6 [5,098 B]
Get:25 http://us-west-2.ec2.archive.ubuntu.com/ubuntu/ trusty-updates/main libstdc++-4.8-dev amd64 4.8.4-2ubuntu1~14.04.3 [1,053 kB]
Get:26 http://us-west-2.ec2.archive.ubuntu.com/ubuntu/ trusty-updates/main g++-4.8 amd64 4.8.4-2ubuntu1~14.04.3 [18.1 MB]
Get:27 http://us-west-2.ec2.archive.ubuntu.com/ubuntu/ trusty/main g++ amd64 4:4.8.2-1ubuntu6 [1,490 B]
Get:28 http://us-west-2.ec2.archive.ubuntu.com/ubuntu/ trusty/main make amd64 3.81-8.2ubuntu3 [119 kB]
Get:29 http://us-west-2.ec2.archive.ubuntu.com/ubuntu/ trusty-updates/main libdpkg-perl all 1.17.5ubuntu5.7 [179 kB]
Get:30 http://us-west-2.ec2.archive.ubuntu.com/ubuntu/ trusty-updates/main dpkg-dev all 1.17.5ubuntu5.7 [726 kB]
Get:31 http://us-west-2.ec2.archive.ubuntu.com/ubuntu/ trusty/main build-essential amd64 11.6ubuntu6 [4,838 B]
Get:32 http://us-west-2.ec2.archive.ubuntu.com/ubuntu/ trusty/main libfakeroot amd64 1.20-3ubuntu2 [25.4 kB]
Get:33 http://us-west-2.ec2.archive.ubuntu.com/ubuntu/ trusty/main fakeroot amd64 1.20-3ubuntu2 [55.0 kB]
Get:34 http://us-west-2.ec2.archive.ubuntu.com/ubuntu/ trusty/main liberror-perl all 0.17-1.1 [21.1 kB]
Get:35 http://us-west-2.ec2.archive.ubuntu.com/ubuntu/ trusty-updates/main git-man all 1:1.9.1-1ubuntu0.3 [699 kB]
Get:36 http://us-west-2.ec2.archive.ubuntu.com/ubuntu/ trusty-updates/main git amd64 1:1.9.1-1ubuntu0.3 [2,586 kB]
Get:37 http://us-west-2.ec2.archive.ubuntu.com/ubuntu/ trusty-updates/main comerr-dev amd64 2.1-1.42.9-3ubuntu1.3 [38.3 kB]
Get:38 http://us-west-2.ec2.archive.ubuntu.com/ubuntu/ trusty-updates/main krb5-multidev amd64 1.12+dfsg-2ubuntu5.2 [111 kB]
Get:39 http://us-west-2.ec2.archive.ubuntu.com/ubuntu/ trusty/main libalgorithm-diff-perl all 1.19.02-3 [50.0 kB]
Get:40 http://us-west-2.ec2.archive.ubuntu.com/ubuntu/ trusty/main libalgorithm-diff-xs-perl amd64 0.04-2build4 [12.6 kB]
Get:41 http://us-west-2.ec2.archive.ubuntu.com/ubuntu/ trusty/main libalgorithm-merge-perl all 0.08-2 [12.7 kB]
Get:42 http://us-west-2.ec2.archive.ubuntu.com/ubuntu/ trusty/main libbz2-dev amd64 1.0.6-5 [33.2 kB]
Get:43 http://us-west-2.ec2.archive.ubuntu.com/ubuntu/ trusty/main pkg-config amd64 0.26-1ubuntu4 [40.9 kB]
Get:44 http://us-west-2.ec2.archive.ubuntu.com/ubuntu/ trusty/main libidn11-dev amd64 1.28-1ubuntu2 [517 kB]
Get:45 http://us-west-2.ec2.archive.ubuntu.com/ubuntu/ trusty-updates/main libkrb5-dev amd64 1.12+dfsg-2ubuntu5.2 [14.4 kB]
Get:46 http://us-west-2.ec2.archive.ubuntu.com/ubuntu/ trusty-updates/main libldap2-dev amd64 2.4.31-1+nmu2ubuntu8.3 [259 kB]
Get:47 http://us-west-2.ec2.archive.ubuntu.com/ubuntu/ trusty/main libgpg-error-dev amd64 1.12-0.2ubuntu1 [20.1 kB]
Err http://us-west-2.ec2.archive.ubuntu.com/ubuntu/ trusty-updates/main libgcrypt11-dev amd64 1.5.3-2ubuntu4.3
  404  Not Found [IP: 54.70.237.58 80]
Get:48 http://us-west-2.ec2.archive.ubuntu.com/ubuntu/ trusty/main zlib1g-dev amd64 1:1.2.8.dfsg-1ubuntu1 [183 kB]
Get:49 http://us-west-2.ec2.archive.ubuntu.com/ubuntu/ trusty-updates/main libtasn1-6-dev amd64 3.4-3ubuntu0.4 [385 kB]
Get:50 http://us-west-2.ec2.archive.ubuntu.com/ubuntu/ trusty/main libp11-kit-dev amd64 0.20.2-2ubuntu2 [56.4 kB]
Get:51 http://us-west-2.ec2.archive.ubuntu.com/ubuntu/ trusty-updates/main libgnutls-dev amd64 2.12.23-12ubuntu2.5 [372 kB]
Get:52 http://us-west-2.ec2.archive.ubuntu.com/ubuntu/ trusty/main librtmp-dev amd64 2.4+20121230.gitdf6c518-1 [67.1 kB]
Err http://security.ubuntu.com/ubuntu/ trusty-security/main libgcrypt11-dev amd64 1.5.3-2ubuntu4.3
  404  Not Found [IP: 91.189.88.162 80]
Err http://us-west-2.ec2.archive.ubuntu.com/ubuntu/ trusty-updates/main libssl-dev amd64 1.0.1f-1ubuntu2.19
  404  Not Found [IP: 54.70.237.58 80]
Get:53 http://us-west-2.ec2.archive.ubuntu.com/ubuntu/ trusty/main libencode-locale-perl all 1.03-1 [12.4 kB]
Get:54 http://us-west-2.ec2.archive.ubuntu.com/ubuntu/ trusty-updates/main libexpat1-dev amd64 2.1.0-4ubuntu1.3 [115 kB]
Get:55 http://us-west-2.ec2.archive.ubuntu.com/ubuntu/ trusty/main libfile-fcntllock-perl amd64 0.14-2build1 [15.9 kB]
Get:56 http://us-west-2.ec2.archive.ubuntu.com/ubuntu/ trusty/main libhttp-date-perl all 6.02-1 [10.4 kB]
Get:57 http://us-west-2.ec2.archive.ubuntu.com/ubuntu/ trusty/main libfile-listing-perl all 6.04-1 [9,774 B]
Get:58 http://us-west-2.ec2.archive.ubuntu.com/ubuntu/ trusty/main libfont-afm-perl all 1.20-1 [14.3 kB]
Get:59 http://us-west-2.ec2.archive.ubuntu.com/ubuntu/ trusty/main liburi-perl all 1.60-1 [89.6 kB]
Get:60 http://us-west-2.ec2.archive.ubuntu.com/ubuntu/ trusty/main libhtml-tagset-perl all 3.20-2 [13.5 kB]
Get:61 http://us-west-2.ec2.archive.ubuntu.com/ubuntu/ trusty/main libhtml-parser-perl amd64 3.71-1build1 [98.2 kB]
Get:62 http://us-west-2.ec2.archive.ubuntu.com/ubuntu/ trusty/main libio-html-perl all 1.00-1 [15.7 kB]
Get:63 http://us-west-2.ec2.archive.ubuntu.com/ubuntu/ trusty/main liblwp-mediatypes-perl all 6.02-1 [21.7 kB]
Err http://security.ubuntu.com/ubuntu/ trusty-security/main libssl-dev amd64 1.0.1f-1ubuntu2.19
  404  Not Found [IP: 91.189.88.162 80]
Get:64 http://us-west-2.ec2.archive.ubuntu.com/ubuntu/ trusty/main libhttp-message-perl all 6.06-1 [78.7 kB]
Get:65 http://us-west-2.ec2.archive.ubuntu.com/ubuntu/ trusty/main libhtml-form-perl all 6.03-1 [23.5 kB]
Get:66 http://us-west-2.ec2.archive.ubuntu.com/ubuntu/ trusty/main libhtml-tree-perl all 5.03-1 [215 kB]
Get:67 http://us-west-2.ec2.archive.ubuntu.com/ubuntu/ trusty/main libhtml-format-perl all 2.11-1 [44.7 kB]
Get:68 http://us-west-2.ec2.archive.ubuntu.com/ubuntu/ trusty/main libhttp-cookies-perl all 6.00-2 [23.3 kB]
Get:69 http://us-west-2.ec2.archive.ubuntu.com/ubuntu/ trusty/main libhttp-daemon-perl all 6.01-1 [17.0 kB]
Get:70 http://us-west-2.ec2.archive.ubuntu.com/ubuntu/ trusty/main libhttp-negotiate-perl all 6.00-2 [13.4 kB]
Get:71 http://us-west-2.ec2.archive.ubuntu.com/ubuntu/ trusty/main libintl-perl all 1.23-1build1 [1,204 kB]
Get:72 http://us-west-2.ec2.archive.ubuntu.com/ubuntu/ trusty/main libsocket6-perl amd64 0.25-1 [23.5 kB]
Get:73 http://us-west-2.ec2.archive.ubuntu.com/ubuntu/ trusty/main libio-socket-inet6-perl all 2.71-1 [14.6 kB]
Get:74 http://us-west-2.ec2.archive.ubuntu.com/ubuntu/ trusty/main libnet-ssleay-perl amd64 1.58-1 [243 kB]
Get:75 http://us-west-2.ec2.archive.ubuntu.com/ubuntu/ trusty/main libio-socket-ssl-perl all 1.965-1ubuntu1 [73.7 kB]
Get:76 http://us-west-2.ec2.archive.ubuntu.com/ubuntu/ trusty/main libnet-http-perl all 6.06-1 [24.2 kB]
Get:77 http://us-west-2.ec2.archive.ubuntu.com/ubuntu/ trusty/main libwww-robotrules-perl all 6.01-1 [14.1 kB]
Get:78 http://us-west-2.ec2.archive.ubuntu.com/ubuntu/ trusty/main libwww-perl all 6.05-2 [146 kB]
Err http://security.ubuntu.com/ubuntu/ trusty-security/main libcurl4-openssl-dev amd64 7.35.0-1ubuntu2.6
  404  Not Found [IP: 91.189.88.162 80]
Get:79 http://us-west-2.ec2.archive.ubuntu.com/ubuntu/ trusty-updates/main liblwp-protocol-https-perl all 6.04-2ubuntu0.1 [7,644 B]
Get:80 http://us-west-2.ec2.archive.ubuntu.com/ubuntu/ trusty/main libnet-smtp-ssl-perl all 1.01-3 [5,948 B]
Get:81 http://us-west-2.ec2.archive.ubuntu.com/ubuntu/ trusty/main libmailtools-perl all 2.12-1 [84.1 kB]
Get:82 http://us-west-2.ec2.archive.ubuntu.com/ubuntu/ trusty/main libtinfo-dev amd64 5.9+20140118-1ubuntu1 [76.3 kB]
Get:83 http://us-west-2.ec2.archive.ubuntu.com/ubuntu/ trusty/main libncurses5-dev amd64 5.9+20140118-1ubuntu1 [170 kB]
Get:84 http://us-west-2.ec2.archive.ubuntu.com/ubuntu/ trusty/main ruby all 1:1.9.3.4 [5,334 B]
Get:85 http://us-west-2.ec2.archive.ubuntu.com/ubuntu/ trusty-updates/main ruby1.9.1 amd64 1.9.3.484-2ubuntu1.2 [35.6 kB]
Get:86 http://us-west-2.ec2.archive.ubuntu.com/ubuntu/ trusty-updates/main libruby1.9.1 amd64 1.9.3.484-2ubuntu1.2 [2,645 kB]
Err http://us-west-2.ec2.archive.ubuntu.com/ubuntu/ trusty-updates/main libssl-doc all 1.0.1f-1ubuntu2.19
  404  Not Found [IP: 54.70.237.58 80]
Get:87 http://us-west-2.ec2.archive.ubuntu.com/ubuntu/ trusty/main libtext-unidecode-perl all 0.04-2 [115 kB]
Get:88 http://us-west-2.ec2.archive.ubuntu.com/ubuntu/ trusty/main libxml-namespacesupport-perl all 1.11-1 [13.2 kB]
Get:89 http://us-west-2.ec2.archive.ubuntu.com/ubuntu/ trusty/main libxml-sax-base-perl all 1.07-1 [21.5 kB]
Get:90 http://us-west-2.ec2.archive.ubuntu.com/ubuntu/ trusty/main libxml-sax-perl all 0.99+dfsg-2ubuntu1 [64.6 kB]
Get:91 http://us-west-2.ec2.archive.ubuntu.com/ubuntu/ trusty-updates/main libxml-libxml-perl amd64 2.0108+dfsg-1ubuntu0.1 [337 kB]
Get:92 http://us-west-2.ec2.archive.ubuntu.com/ubuntu/ trusty/main libxml-parser-perl amd64 2.41-1build3 [294 kB]
Get:93 http://us-west-2.ec2.archive.ubuntu.com/ubuntu/ trusty/main libxml-sax-expat-perl all 0.40-2 [11.5 kB]
Get:94 http://us-west-2.ec2.archive.ubuntu.com/ubuntu/ trusty/main m4 amd64 1.4.17-2ubuntu1 [195 kB]
Get:95 http://us-west-2.ec2.archive.ubuntu.com/ubuntu/ trusty/main manpages-dev all 3.54-1ubuntu1 [1,820 kB]
Err http://security.ubuntu.com/ubuntu/ trusty-security/main libssl-doc all 1.0.1f-1ubuntu2.19
  404  Not Found [IP: 91.189.88.162 80]
Get:96 http://us-west-2.ec2.archive.ubuntu.com/ubuntu/ trusty/main texinfo amd64 5.2.0.dfsg.1-2 [561 kB]
Get:97 http://us-west-2.ec2.archive.ubuntu.com/ubuntu/ trusty/main libauthen-sasl-perl all 2.1500-1 [53.2 kB]
Fetched 51.8 MB in 2s (17.5 MB/s)
E: Failed to fetch http://security.ubuntu.com/ubuntu/pool/main/l/linux/linux-libc-dev_3.13.0-92.139_amd64.deb  404  Not Found [IP: 91.189.88.162 80]

E: Failed to fetch http://security.ubuntu.com/ubuntu/pool/main/libg/libgcrypt11/libgcrypt11-dev_1.5.3-2ubuntu4.3_amd64.deb  404  Not Found [IP: 91.189.88.162 80]

E: Failed to fetch http://security.ubuntu.com/ubuntu/pool/main/o/openssl/libssl-dev_1.0.1f-1ubuntu2.19_amd64.deb  404  Not Found [IP: 91.189.88.162 80]

E: Failed to fetch http://security.ubuntu.com/ubuntu/pool/main/c/curl/libcurl4-openssl-dev_7.35.0-1ubuntu2.6_amd64.deb  404  Not Found [IP: 91.189.88.162 80]

E: Failed to fetch http://security.ubuntu.com/ubuntu/pool/main/o/openssl/libssl-doc_1.0.1f-1ubuntu2.19_all.deb  404  Not Found [IP: 91.189.88.162 80]

E: Unable to fetch some archives, maybe run apt-get update or try with --fix-missing?
ubuntu@ip-172-31-37-15:~$ git
The program 'git' is currently not installed. You can install it by typing:
sudo apt-get install git
ubuntu@ip-172-31-37-15:~$ ruby -e "$(wget -O- https://raw.github.com/Homebrew/linuxbrew/go/install)"
--2016-10-12 12:42:24--  https://raw.github.com/Homebrew/linuxbrew/go/install
Resolving raw.github.com (raw.github.com)... 151.101.52.133
Connecting to raw.github.com (raw.github.com)|151.101.52.133|:443... connected.
HTTP request sent, awaiting response... 301 Moved Permanently
Location: https://raw.githubusercontent.com/Homebrew/linuxbrew/go/install [following]
--2016-10-12 12:42:24--  https://raw.githubusercontent.com/Homebrew/linuxbrew/go/install
Resolving raw.githubusercontent.com (raw.githubusercontent.com)... 151.101.52.133
Connecting to raw.githubusercontent.com (raw.githubusercontent.com)|151.101.52.133|:443... connected.
HTTP request sent, awaiting response... 200 OK
Length: 7985 (7.8K) [text/plain]
Saving to: ‘STDOUT’

100%[==================================================================================================>] 7,985       --.-K/s   in 0s

2016-10-12 12:42:24 (58.7 MB/s) - written to stdout [7985/7985]

The program 'ruby' can be found in the following packages:
 * ruby
 * ruby1.8
Try: sudo apt-get install <selected package>
ubuntu@ip-172-31-37-15:~$ brew doctor
No command 'brew' found, did you mean:
 Command 'qbrew' from package 'qbrew' (universe)
 Command 'brec' from package 'bplay' (universe)
brew: command not found
ubuntu@ip-172-31-37-15:~$ export PATH="$HOME/.linuxbrew/bin:$PATH"
ubuntu@ip-172-31-37-15:~$ export MANPATH="$HOME/.linuxbrew/share/man:$MANPATH"
ubuntu@ip-172-31-37-15:~$ export INFOPATH="$HOME/.linuxbrew/share/info:$INFOPATH"
ubuntu@ip-172-31-37-15:~$ brew doctor
No command 'brew' found, did you mean:
 Command 'qbrew' from package 'qbrew' (universe)
 Command 'brec' from package 'bplay' (universe)
brew: command not found
ubuntu@ip-172-31-37-15:~$ echo $PATH
/home/ubuntu/.linuxbrew/bin:/usr/local/sbin:/usr/local/bin:/usr/sbin:/usr/bin:/sbin:/bin:/usr/games:/usr/local/games
ubuntu@ip-172-31-37-15:~$ brew doctor
No command 'brew' found, did you mean:
 Command 'brec' from package 'bplay' (universe)
 Command 'qbrew' from package 'qbrew' (universe)
brew: command not found
ubuntu@ip-172-31-37-15:~$ brew
No command 'brew' found, did you mean:
 Command 'qbrew' from package 'qbrew' (universe)
 Command 'brec' from package 'bplay' (universe)
brew: command not found
ubuntu@ip-172-31-37-15:~$ ruby -e "$(curl -fsSL https://raw.githubusercontent.com/Linuxbrew/linuxbrew/go/install)"
The program 'ruby' can be found in the following packages:
 * ruby
 * ruby1.8
Try: sudo apt-get install <selected package>
ubuntu@ip-172-31-37-15:~$
ubuntu@ip-172-31-37-15:~$
ubuntu@ip-172-31-37-15:~$
ubuntu@ip-172-31-37-15:~$ ruby
The program 'ruby' can be found in the following packages:
 * ruby
 * ruby1.8
Try: sudo apt-get install <selected package>
ubuntu@ip-172-31-37-15:~$ sudo apt-get install ruby
Reading package lists... Done
Building dependency tree
Reading state information... Done
The following extra packages will be installed:
  libruby1.9.1 ruby1.9.1
Suggested packages:
  ri ruby-dev ruby1.9.1-examples ri1.9.1 graphviz ruby1.9.1-dev ruby-switch
The following NEW packages will be installed:
  libruby1.9.1 ruby ruby1.9.1
0 upgraded, 3 newly installed, 0 to remove and 0 not upgraded.
Need to get 0 B/2,686 kB of archives.
After this operation, 12.7 MB of additional disk space will be used.
Do you want to continue? [Y/n] y
Selecting previously unselected package ruby.
(Reading database ... 51172 files and directories currently installed.)
Preparing to unpack .../ruby_1%3a1.9.3.4_all.deb ...
Unpacking ruby (1:1.9.3.4) ...
Selecting previously unselected package ruby1.9.1.
Preparing to unpack .../ruby1.9.1_1.9.3.484-2ubuntu1.2_amd64.deb ...
Unpacking ruby1.9.1 (1.9.3.484-2ubuntu1.2) ...
Selecting previously unselected package libruby1.9.1.
Preparing to unpack .../libruby1.9.1_1.9.3.484-2ubuntu1.2_amd64.deb ...
Unpacking libruby1.9.1 (1.9.3.484-2ubuntu1.2) ...
Processing triggers for man-db (2.6.7.1-1ubuntu1) ...
Setting up ruby (1:1.9.3.4) ...
Setting up ruby1.9.1 (1.9.3.484-2ubuntu1.2) ...
Setting up libruby1.9.1 (1.9.3.484-2ubuntu1.2) ...
Processing triggers for libc-bin (2.19-0ubuntu6.9) ...
ubuntu@ip-172-31-37-15:~$ ruby -e "$(wget -O- https://raw.github.com/Homebrew/linuxbrew/go/install)"
--2016-10-12 12:49:36--  https://raw.github.com/Homebrew/linuxbrew/go/install
Resolving raw.github.com (raw.github.com)... 151.101.52.133
Connecting to raw.github.com (raw.github.com)|151.101.52.133|:443... connected.
HTTP request sent, awaiting response... 301 Moved Permanently
Location: https://raw.githubusercontent.com/Homebrew/linuxbrew/go/install [following]
--2016-10-12 12:49:36--  https://raw.githubusercontent.com/Homebrew/linuxbrew/go/install
Resolving raw.githubusercontent.com (raw.githubusercontent.com)... 151.101.52.133
Connecting to raw.githubusercontent.com (raw.githubusercontent.com)|151.101.52.133|:443... connected.
HTTP request sent, awaiting response... 200 OK
Length: 7985 (7.8K) [text/plain]
Saving to: ‘STDOUT’

100%[==================================================================================================>] 7,985       --.-K/s   in 0s

2016-10-12 12:49:36 (74.8 MB/s) - written to stdout [7985/7985]

==> This script will install:
/home/ubuntu/.linuxbrew/bin/brew
/home/ubuntu/.linuxbrew/Library/...
/home/ubuntu/.linuxbrew/share/man/man1/brew.1

Press RETURN to continue or any other key to abort
==> Downloading and installing Homebrew...
==> Installation successful!
==> Next steps
Install the Linuxbrew dependencies:

Debian, Ubuntu, etc.:
  `sudo apt-get install build-essential`

Fedora, Red Hat, CentOS, etc.:
  `sudo yum groupinstall 'Development Tools'`

See http://brew.sh/linuxbrew/#dependencies for more information.

Run `brew doctor` before you install anything
Run `brew help` to get started
ubuntu@ip-172-31-37-15:~$ brew doctor
Please note that these warnings are just used to help the Homebrew maintainers
with debugging if you file an issue. If everything you use Homebrew for is
working fine: please don't worry and just ignore them. Thanks!

Warning: Git could not be found in your PATH.
Homebrew uses Git for several internal functions, and some formulae use Git
checkouts instead of stable tarballs. You may want to install Git:
  brew install git
Error: Git is unavailable
Error: Failure while executing: /home/ubuntu/.linuxbrew/bin/brew tap homebrew/core -q
ubuntu@ip-172-31-37-15:~$ export PATH="$HOME/.linuxbrew/bin:$PATH"
ubuntu@ip-172-31-37-15:~$ export MANPATH="$HOME/.linuxbrew/share/man:$MANPATH"
ubuntu@ip-172-31-37-15:~$ export INFOPATH="$HOME/.linuxbrew/share/info:$INFOPATH"
ubuntu@ip-172-31-37-15:~$ brew doctor
Please note that these warnings are just used to help the Homebrew maintainers
with debugging if you file an issue. If everything you use Homebrew for is
working fine: please don't worry and just ignore them. Thanks!

Warning: Git could not be found in your PATH.
Homebrew uses Git for several internal functions, and some formulae use Git
checkouts instead of stable tarballs. You may want to install Git:
  brew install git
Error: Git is unavailable
Error: Failure while executing: /home/ubuntu/.linuxbrew/bin/brew tap homebrew/core -q
ubuntu@ip-172-31-37-15:~$
ubuntu@ip-172-31-37-15:~$
ubuntu@ip-172-31-37-15:~$
ubuntu@ip-172-31-37-15:~$ brew doctor
Please note that these warnings are just used to help the Homebrew maintainers
with debugging if you file an issue. If everything you use Homebrew for is
working fine: please don't worry and just ignore them. Thanks!

Warning: Git could not be found in your PATH.
Homebrew uses Git for several internal functions, and some formulae use Git
checkouts instead of stable tarballs. You may want to install Git:
  brew install git
Error: Git is unavailable
Error: Failure while executing: /home/ubuntu/.linuxbrew/bin/brew tap homebrew/core -q
ubuntu@ip-172-31-37-15:~$ brew git
Error: Unknown command: git
ubuntu@ip-172-31-37-15:~$ brew install git
Error: Git is unavailable
Error: Failure while executing: /home/ubuntu/.linuxbrew/bin/brew tap homebrew/core -q
ubuntu@ip-172-31-37-15:~$ brew doctor
Please note that these warnings are just used to help the Homebrew maintainers
with debugging if you file an issue. If everything you use Homebrew for is
working fine: please don't worry and just ignore them. Thanks!

Warning: Git could not be found in your PATH.
Homebrew uses Git for several internal functions, and some formulae use Git
checkouts instead of stable tarballs. You may want to install Git:
  brew install git
Error: Git is unavailable
Error: Failure while executing: /home/ubuntu/.linuxbrew/bin/brew tap homebrew/core -q
ubuntu@ip-172-31-37-15:~$
ubuntu@ip-172-31-37-15:~$
ubuntu@ip-172-31-37-15:~$
ubuntu@ip-172-31-37-15:~$ brew doctor
Please note that these warnings are just used to help the Homebrew maintainers
with debugging if you file an issue. If everything you use Homebrew for is
working fine: please don't worry and just ignore them. Thanks!

Warning: Git could not be found in your PATH.
Homebrew uses Git for several internal functions, and some formulae use Git
checkouts instead of stable tarballs. You may want to install Git:
  brew install git
Error: Git is unavailable
Error: Failure while executing: /home/ubuntu/.linuxbrew/bin/brew tap homebrew/core -q
ubuntu@ip-172-31-37-15:~$ brew lx
Error: Unknown command: lx
ubuntu@ip-172-31-37-15:~$ brew ls
ubuntu@ip-172-31-37-15:~$ brew find git
Error: Unknown command: find
ubuntu@ip-172-31-37-15:~$ brew search git
Error: Git is unavailable
Error: Failure while executing: /home/ubuntu/.linuxbrew/bin/brew tap homebrew/core -q
ubuntu@ip-172-31-37-15:~$ brew search git stable
Error: Git is unavailable
Error: Failure while executing: /home/ubuntu/.linuxbrew/bin/brew tap homebrew/core -q
ubuntu@ip-172-31-37-15:~$ brew search git latest
Error: Git is unavailable
Error: Failure while executing: /home/ubuntu/.linuxbrew/bin/brew tap homebrew/core -q
ubuntu@ip-172-31-37-15:~$ git --version
The program 'git' is currently not installed. You can install it by typing:
sudo apt-get install git
ubuntu@ip-172-31-37-15:~$ brew install git2
Error: Git is unavailable
Error: Failure while executing: /home/ubuntu/.linuxbrew/bin/brew tap homebrew/core -q
ubuntu@ip-172-31-37-15:~$ brew install git 2
Error: Git is unavailable
Error: Failure while executing: /home/ubuntu/.linuxbrew/bin/brew tap homebrew/core -q
ubuntu@ip-172-31-37-15:~$ brew install git 2.7.0
Error: Git is unavailable
Error: Failure while executing: /home/ubuntu/.linuxbrew/bin/brew tap homebrew/core -q
ubuntu@ip-172-31-37-15:~$ brew install git2.7.0
Error: Git is unavailable
Error: Failure while executing: /home/ubuntu/.linuxbrew/bin/brew tap homebrew/core -q
ubuntu@ip-172-31-37-15:~$ brew ls
ubuntu@ip-172-31-37-15:~$ brew
Example usage:
  brew [info | home | options ] [FORMULA...]
  brew install FORMULA...
  brew uninstall FORMULA...
  brew search [foo]
  brew list [FORMULA...]
  brew update
  brew upgrade [FORMULA...]
  brew pin/unpin [FORMULA...]

Troubleshooting:
  brew doctor
  brew install -vd FORMULA
  brew [--env | config]

Brewing:
  brew create [URL [--no-fetch]]
  brew edit [FORMULA...]
  https://github.com/Homebrew/homebrew/blob/master/share/doc/homebrew/Formula-Cookbook.md

Further help:
  man brew
  brew home
ubuntu@ip-172-31-37-15:~$ echo $PATH
/home/ubuntu/.linuxbrew/bin:/home/ubuntu/.linuxbrew/bin:/usr/local/sbin:/usr/local/bin:/usr/sbin:/usr/bin:/sbin:/bin:/usr/games:/usr/local/games
ubuntu@ip-172-31-37-15:~$ git
The program 'git' is currently not installed. You can install it by typing:
sudo apt-get install git
ubuntu@ip-172-31-37-15:~$ brew update
Error: Git must be installed and in your PATH!
ubuntu@ip-172-31-37-15:~$ sudo yum install git
sudo: yum: command not found
ubuntu@ip-172-31-37-15:~$ apt-get git
E: Invalid operation git
ubuntu@ip-172-31-37-15:~$ apt-get install git
E: Could not open lock file /var/lib/dpkg/lock - open (13: Permission denied)
E: Unable to lock the administration directory (/var/lib/dpkg/), are you root?
ubuntu@ip-172-31-37-15:~$ sudo apt-get install git
Reading package lists... Done
Building dependency tree
Reading state information... Done
The following extra packages will be installed:
  git-man liberror-perl
Suggested packages:
  git-daemon-run git-daemon-sysvinit git-doc git-el git-email git-gui gitk
  gitweb git-arch git-bzr git-cvs git-mediawiki git-svn
The following NEW packages will be installed:
  git git-man liberror-perl
0 upgraded, 3 newly installed, 0 to remove and 0 not upgraded.
Need to get 0 B/3,306 kB of archives.
After this operation, 21.9 MB of additional disk space will be used.
Do you want to continue? [Y/n] y
Selecting previously unselected package liberror-perl.
(Reading database ... 52072 files and directories currently installed.)
Preparing to unpack .../liberror-perl_0.17-1.1_all.deb ...
Unpacking liberror-perl (0.17-1.1) ...
Selecting previously unselected package git-man.
Preparing to unpack .../git-man_1%3a1.9.1-1ubuntu0.3_all.deb ...
Unpacking git-man (1:1.9.1-1ubuntu0.3) ...
Selecting previously unselected package git.
Preparing to unpack .../git_1%3a1.9.1-1ubuntu0.3_amd64.deb ...
Unpacking git (1:1.9.1-1ubuntu0.3) ...
Processing triggers for man-db (2.6.7.1-1ubuntu1) ...
Setting up liberror-perl (0.17-1.1) ...
Setting up git-man (1:1.9.1-1ubuntu0.3) ...
Setting up git (1:1.9.1-1ubuntu0.3) ...
ubuntu@ip-172-31-37-15:~$
ubuntu@ip-172-31-37-15:~$
ubuntu@ip-172-31-37-15:~$
ubuntu@ip-172-31-37-15:~$ brew doctor
Your system is ready to brew.
ubuntu@ip-172-31-37-15:~$ brew nodebrew
Error: Unknown command: nodebrew
ubuntu@ip-172-31-37-15:~$ brew install nodebrew
Error: nodebrew cannot be built with any available compilers.
To install this formula, you may need to:
  brew install gcc
ubuntu@ip-172-31-37-15:~$ brew install gcc
==> Installing dependencies for gcc: patchelf, zlib, gmp, mpfr, libmpc, isl
==> Installing gcc dependency: patchelf
==> Downloading https://linuxbrew.bintray.com/bottles/patchelf-0.9_1.x86_64_linux.bottle.tar.gz
######################################################################## 100.0%
==> Pouring patchelf-0.9_1.x86_64_linux.bottle.tar.gz
/home/ubuntu/.linuxbrew/Cellar/patchelf/0.9_1: 6 files, 1.2M
==> Installing gcc dependency: zlib
==> Downloading https://linuxbrew.bintray.com/bottles/zlib-1.2.8.x86_64_linux.bottle.1.tar.gz
######################################################################## 100.0%
==> Pouring zlib-1.2.8.x86_64_linux.bottle.1.tar.gz
/home/ubuntu/.linuxbrew/Cellar/zlib/1.2.8: 11 files, 398.5K
==> Installing gcc dependency: gmp
==> Downloading https://linuxbrew.bintray.com/bottles/gmp-6.1.1.x86_64_linux.bottle.tar.gz
######################################################################## 100.0%
==> Pouring gmp-6.1.1.x86_64_linux.bottle.tar.gz
/home/ubuntu/.linuxbrew/Cellar/gmp/6.1.1: 19 files, 3.6M
==> Installing gcc dependency: mpfr
==> Downloading https://linuxbrew.bintray.com/bottles/mpfr-3.1.5.x86_64_linux.bottle.tar.gz
######################################################################## 100.0%
==> Pouring mpfr-3.1.5.x86_64_linux.bottle.tar.gz
/home/ubuntu/.linuxbrew/Cellar/mpfr/3.1.5: 26 files, 3.9M
==> Installing gcc dependency: libmpc
==> Downloading https://linuxbrew.bintray.com/bottles/libmpc-1.0.3.x86_64_linux.bottle.tar.gz
######################################################################## 100.0%
==> Pouring libmpc-1.0.3.x86_64_linux.bottle.tar.gz
/home/ubuntu/.linuxbrew/Cellar/libmpc/1.0.3: 12 files, 466.2K
==> Installing gcc dependency: isl
==> Downloading https://linuxbrew.bintray.com/bottles/isl-0.15.x86_64_linux.bottle.tar.gz
######################################################################## 100.0%
==> Pouring isl-0.15.x86_64_linux.bottle.tar.gz
/home/ubuntu/.linuxbrew/Cellar/isl/0.15: 71 files, 4.6M
==> Installing gcc
==> Downloading https://linuxbrew.bintray.com/bottles/gcc-5.3.0.x86_64_linux.bottle.tar.gz
######################################################################## 100.0%
==> Pouring gcc-5.3.0.x86_64_linux.bottle.tar.gz
==> Creating the GCC specs file: /home/ubuntu/.linuxbrew/Cellar/gcc/5.3.0/bin/../lib/gcc/x86_64-unknown-linux-gnu/5.3.0/specs
/home/ubuntu/.linuxbrew/Cellar/gcc/5.3.0: 1,352 files, 253.2M
ubuntu@ip-172-31-37-15:~$
ubuntu@ip-172-31-37-15:~$
ubuntu@ip-172-31-37-15:~$ brew install nodebrew
==> Downloading https://github.com/hokaccha/nodebrew/archive/v0.9.6.tar.gz
==> Downloading from https://codeload.github.com/hokaccha/nodebrew/tar.gz/v0.9.6
######################################################################## 100.0%
==> /home/ubuntu/.linuxbrew/Cellar/nodebrew/0.9.6/bin/nodebrew setup_dirs
==> Caveats
Add path:
  export PATH=$HOME/.nodebrew/current/bin:$PATH

To use Homebrew's directories rather than ~/.nodebrew add to your profile:
  export NODEBREW_ROOT=/home/ubuntu/.linuxbrew/var/nodebrew

Bash completion has been installed to:
  /home/ubuntu/.linuxbrew/etc/bash_completion.d

zsh completion has been installed to:
  /home/ubuntu/.linuxbrew/share/zsh/site-functions

==> Summary
/home/ubuntu/.linuxbrew/Cellar/nodebrew/0.9.6: 7 files, 63.8K, built in 2 seconds
ubuntu@ip-172-31-37-15:~$
ubuntu@ip-172-31-37-15:~$
ubuntu@ip-172-31-37-15:~$ nodebrew -v
nodebrew 0.9.6

Usage:
    nodebrew help                         Show this message
    nodebrew install <version>            Download and install <version> (compile from source)
    nodebrew install-binary <version>     Download and install <version> (binary file)
    nodebrew uninstall <version>          Uninstall <version>
    nodebrew use <version>                Use <version>
    nodebrew list                         List installed versions
    nodebrew ls                           Alias for `list`
    nodebrew ls-remote                    List remote versions
    nodebrew ls-all                       List remote and installed versions
    nodebrew alias <key> <value>          Set alias
    nodebrew unalias <key>                Remove alias
    nodebrew clean <version> | all        Remove source file
    nodebrew selfupdate                   Update nodebrew
    nodebrew migrate-package <version>    Install global NPM packages contained in <version> to current version
    nodebrew exec <version> -- <command>  Execute <command> using specified <version>

Example:
    # install from binary
    nodebrew install-binary v0.10.22

    # use a specific version number
    nodebrew use v0.10.22

    # io.js
    nodebrew install-binary io@v1.0.0
    nodebrew use io@v1.0.0
ubuntu@ip-172-31-37-15:~$ nodebrew install stable
Fetching: https://nodejs.org/dist/v6.7.0/node-v6.7.0.tar.gz
Warning: Failed to create the file
Warning: /home/ubuntu/.nodebrew/src/v6.7.0/node-v6.7.0.tar.gz: No such file or
Warning: directory

curl: (23) Failed writing body (0 != 940)
download failed: https://nodejs.org/dist/v6.7.0/node-v6.7.0.tar.gz
ubuntu@ip-172-31-37-15:~$ nodebrew install-binary stable
Fetching: https://nodejs.org/dist/v6.7.0/node-v6.7.0-linux-x64.tar.gz
Warning: Failed to create the file
Warning: /home/ubuntu/.nodebrew/src/v6.7.0/node-v6.7.0-linux-x64.tar.gz: No
Warning: such file or directory
                                                                           0.0%
curl: (23) Failed writing body (0 != 941)
download failed: https://nodejs.org/dist/v6.7.0/node-v6.7.0-linux-x64.tar.gz
ubuntu@ip-172-31-37-15:~$
ubuntu@ip-172-31-37-15:~$
ubuntu@ip-172-31-37-15:~$
ubuntu@ip-172-31-37-15:~$ nodebrew install-binary stable
Fetching: https://nodejs.org/dist/v6.7.0/node-v6.7.0-linux-x64.tar.gz
Warning: Failed to create the file
Warning: /home/ubuntu/.nodebrew/src/v6.7.0/node-v6.7.0-linux-x64.tar.gz: No
Warning: such file or directory
                                                                           0.0%
curl: (23) Failed writing body (0 != 941)
download failed: https://nodejs.org/dist/v6.7.0/node-v6.7.0-linux-x64.tar.gz
ubuntu@ip-172-31-37-15:~$ export PATH=$HOME/.nodebrew/current/bin:$PATH
ubuntu@ip-172-31-37-15:~$ nodebrew install-binary stable
Fetching: https://nodejs.org/dist/v6.7.0/node-v6.7.0-linux-x64.tar.gz
Warning: Failed to create the file
Warning: /home/ubuntu/.nodebrew/src/v6.7.0/node-v6.7.0-linux-x64.tar.gz: No
Warning: such file or directory

curl: (23) Failed writing body (0 != 941)
download failed: https://nodejs.org/dist/v6.7.0/node-v6.7.0-linux-x64.tar.gz
ubuntu@ip-172-31-37-15:~$ nodebrew install-binary v6
Fetching: https://nodejs.org/dist/v6.7.0/node-v6.7.0-linux-x64.tar.gz
Warning: Failed to create the file
Warning: /home/ubuntu/.nodebrew/src/v6.7.0/node-v6.7.0-linux-x64.tar.gz: No
Warning: such file or directory
                                                                           0.0%
curl: (23) Failed writing body (0 != 941)
download failed: https://nodejs.org/dist/v6.7.0/node-v6.7.0-linux-x64.tar.gz
ubuntu@ip-172-31-37-15:~$ nodebrew install-binary v5
Fetching: https://nodejs.org/dist/v5.12.0/node-v5.12.0-linux-x64.tar.gz
Warning: Failed to create the file
Warning: /home/ubuntu/.nodebrew/src/v5.12.0/node-v5.12.0-linux-x64.tar.gz: No
Warning: such file or directory
                                                                           0.0%
curl: (23) Failed writing body (0 != 941)
download failed: https://nodejs.org/dist/v5.12.0/node-v5.12.0-linux-x64.tar.gz
ubuntu@ip-172-31-37-15:~$ nodebrew install-binary v4
Fetching: https://nodejs.org/dist/v4.6.0/node-v4.6.0-linux-x64.tar.gz
Warning: Failed to create the file
Warning: /home/ubuntu/.nodebrew/src/v4.6.0/node-v4.6.0-linux-x64.tar.gz: No
Warning: such file or directory

curl: (23) Failed writing body (0 != 941)
download failed: https://nodejs.org/dist/v4.6.0/node-v4.6.0-linux-x64.tar.gz
ubuntu@ip-172-31-37-15:~$ nodebrew install-binary v3
version not found
ubuntu@ip-172-31-37-15:~$ mkdir /home/ubuntu/.nodebrew/src
mkdir: cannot create directory ‘/home/ubuntu/.nodebrew/src’: No such file or directory
ubuntu@ip-172-31-37-15:~$ mkdir /home/ubuntu/.nodebrew
ubuntu@ip-172-31-37-15:~$ mkdir /home/ubuntu/.nodebrew/src
ubuntu@ip-172-31-37-15:~$ nodebrew install-binary stable
Fetching: https://nodejs.org/dist/v6.7.0/node-v6.7.0-linux-x64.tar.gz
######################################################################## 100.0%
Installed successfully
ubuntu@ip-172-31-37-15:~$
ubuntu@ip-172-31-37-15:~$
ubuntu@ip-172-31-37-15:~$
ubuntu@ip-172-31-37-15:~$ node -v
The program 'node' can be found in the following packages:
 * node
 * nodejs-legacy
Try: sudo apt-get install <selected package>
ubuntu@ip-172-31-37-15:~$ nodebrew ls
v6.7.0

current: none
ubuntu@ip-172-31-37-15:~$ nodebrew
nodebrew 0.9.6

Usage:
    nodebrew help                         Show this message
    nodebrew install <version>            Download and install <version> (compile from source)
    nodebrew install-binary <version>     Download and install <version> (binary file)
    nodebrew uninstall <version>          Uninstall <version>
    nodebrew use <version>                Use <version>
    nodebrew list                         List installed versions
    nodebrew ls                           Alias for `list`
    nodebrew ls-remote                    List remote versions
    nodebrew ls-all                       List remote and installed versions
    nodebrew alias <key> <value>          Set alias
    nodebrew unalias <key>                Remove alias
    nodebrew clean <version> | all        Remove source file
    nodebrew selfupdate                   Update nodebrew
    nodebrew migrate-package <version>    Install global NPM packages contained in <version> to current version
    nodebrew exec <version> -- <command>  Execute <command> using specified <version>

Example:
    # install from binary
    nodebrew install-binary v0.10.22

    # use a specific version number
    nodebrew use v0.10.22

    # io.js
    nodebrew install-binary io@v1.0.0
    nodebrew use io@v1.0.0
ubuntu@ip-172-31-37-15:~$ nodebrew use v6
use v6.7.0
ubuntu@ip-172-31-37-15:~$ node -v
v6.7.0
ubuntu@ip-172-31-37-15:~$
ubuntu@ip-172-31-37-15:~$
ubuntu@ip-172-31-37-15:~$